C:\Users\tomas\Documents\__GIT\nxp-mcxn947-datalogger\application\source\led.c
C:\Users\tomas\Documents\__GIT\nxp-mcxn947-datalogger\application\source\temperature.c
C:\Users\tomas\Documents\__GIT\nxp-mcxn947-datalogger\application\source\record.c
C:\Users\tomas\Documents\__GIT\nxp-mcxn947-datalogger\application\source\mass_storage.c
C:\Users\tomas\Documents\__GIT\nxp-mcxn947-datalogger\application\source\pwrloss_det.c
C:\Users\tomas\Documents\__GIT\nxp-mcxn947-datalogger\application\source\error.c
C:\Users\tomas\Documents\__GIT\nxp-mcxn947-datalogger\application\source\app_init.c
C:\Users\tomas\Documents\__GIT\nxp-mcxn947-datalogger\application\source\app_tasks.c
C:\Users\tomas\Documents\__GIT\nxp-mcxn947-datalogger\application\source\time.c
C:\Users\tomas\Documents\__GIT\nxp-mcxn947-datalogger\application\source\uart.c
C:\Users\tomas\Documents\__GIT\nxp-mcxn947-datalogger\application\source\task_switching.c
C:\Users\tomas\Documents\__GIT\nxp-mcxn947-datalogger\application\source\main.c

C:\Users\tomas\Documents\__GIT\nxp-mcxn947-datalogger\application\source\led.h
C:\Users\tomas\Documents\__GIT\nxp-mcxn947-datalogger\application\source\temperature.h
C:\Users\tomas\Documents\__GIT\nxp-mcxn947-datalogger\application\source\record.h
C:\Users\tomas\Documents\__GIT\nxp-mcxn947-datalogger\application\source\mass_storage.h
C:\Users\tomas\Documents\__GIT\nxp-mcxn947-datalogger\application\source\pwrloss_det.h
C:\Users\tomas\Documents\__GIT\nxp-mcxn947-datalogger\application\source\error.h
C:\Users\tomas\Documents\__GIT\nxp-mcxn947-datalogger\application\source\app_init.h
C:\Users\tomas\Documents\__GIT\nxp-mcxn947-datalogger\application\source\app_tasks.h
C:\Users\tomas\Documents\__GIT\nxp-mcxn947-datalogger\application\source\time.h
C:\Users\tomas\Documents\__GIT\nxp-mcxn947-datalogger\application\source\uart.h
C:\Users\tomas\Documents\__GIT\nxp-mcxn947-datalogger\application\source\task_switching.h