C:\Users\x\__GIT\nxp-mcxn947-datalogger\application\source\led.c
C:\Users\x\__GIT\nxp-mcxn947-datalogger\application\source\temperature.c
C:\Users\x\__GIT\nxp-mcxn947-datalogger\application\source\record.c
C:\Users\x\__GIT\nxp-mcxn947-datalogger\application\source\mass_storage.c
C:\Users\x\__GIT\nxp-mcxn947-datalogger\application\source\pwrloss_det.c
C:\Users\x\__GIT\nxp-mcxn947-datalogger\application\source\error.c
C:\Users\x\__GIT\nxp-mcxn947-datalogger\application\source\app_init.c
C:\Users\x\__GIT\nxp-mcxn947-datalogger\application\source\app_tasks.c
C:\Users\x\__GIT\nxp-mcxn947-datalogger\application\source\time.c
C:\Users\x\__GIT\nxp-mcxn947-datalogger\application\source\uart.c
C:\Users\x\__GIT\nxp-mcxn947-datalogger\application\source\task_switching.c
C:\Users\x\__GIT\nxp-mcxn947-datalogger\application\source\main.c
C:\Users\x\__GIT\nxp-mcxn947-datalogger\application\source\parser.c

C:\Users\x\__GIT\nxp-mcxn947-datalogger\application\include\led.h
C:\Users\x\__GIT\nxp-mcxn947-datalogger\application\include\temperature.h
C:\Users\x\__GIT\nxp-mcxn947-datalogger\application\include\record.h
C:\Users\x\__GIT\nxp-mcxn947-datalogger\application\include\mass_storage.h
C:\Users\x\__GIT\nxp-mcxn947-datalogger\application\include\pwrloss_det.h
C:\Users\x\__GIT\nxp-mcxn947-datalogger\application\include\error.h
C:\Users\x\__GIT\nxp-mcxn947-datalogger\application\include\app_init.h
C:\Users\x\__GIT\nxp-mcxn947-datalogger\application\include\app_tasks.h
C:\Users\x\__GIT\nxp-mcxn947-datalogger\application\include\time.h
C:\Users\x\__GIT\nxp-mcxn947-datalogger\application\include\uart.h
C:\Users\x\__GIT\nxp-mcxn947-datalogger\application\include\task_switching.h
C:\Users\x\__GIT\nxp-mcxn947-datalogger\application\include\parser.h